---
source: core/src/hir/type_context.rs
expression: output
---
Diplomat error: Lowering error in Crimes
In src/hir/snapshots/span_testing/test_struct_forbidden.rs:4:9:
...slice1: &'a...
   ^^^^^^
In field slice1: Safety issue: &'a str is FFI-unsafe, consider using DiplomatUtf8Str<'a>
Diplomat error: Lowering error in Crimes
In src/hir/snapshots/span_testing/test_struct_forbidden.rs:5:9:
...slice1: &'a...
   ^^^^^^
In field slice1: Safety issue: &'a DiplomatStr is FFI-unsafe, consider using DiplomatStrSlice<'a>
Diplomat error: Lowering error in Crimes
In src/hir/snapshots/span_testing/test_struct_forbidden.rs:6:9:
...slice2: &'a...
   ^^^^^^
In field slice2: Safety issue: &'a [u8] is FFI-unsafe, consider using DiplomatSlice<'a,u8>
Diplomat error: Lowering error in Crimes
In src/hir/snapshots/span_testing/test_struct_forbidden.rs:7:9:
...slice3: Box...
   ^^^^^^
In field slice3: Safety issue: Box<str> is FFI-unsafe, consider using DiplomatOwnedUtf8Str
Diplomat error: Lowering error in Crimes
In src/hir/snapshots/span_testing/test_struct_forbidden.rs:3:12:
...ruct Crimes<'a>...
        ^^^^^^
Owned slices are not supported in this backend.
Diplomat error: Lowering error in Crimes
In src/hir/snapshots/span_testing/test_struct_forbidden.rs:8:9:
...slice3: Box...
   ^^^^^^
In field slice3: Safety issue: Box<DiplomatStr> is FFI-unsafe, consider using DiplomatOwnedStrSlice
Diplomat error: Lowering error in Crimes
In src/hir/snapshots/span_testing/test_struct_forbidden.rs:3:12:
...ruct Crimes<'a>...
        ^^^^^^
Owned slices are not supported in this backend.
Diplomat error: Lowering error in Crimes
In src/hir/snapshots/span_testing/test_struct_forbidden.rs:9:9:
...slice4: Box...
   ^^^^^^
In field slice4: Safety issue: Box<[u8]> is FFI-unsafe, consider using Box<[u8]>
Diplomat error: Lowering error in Crimes
In src/hir/snapshots/span_testing/test_struct_forbidden.rs:3:12:
...ruct Crimes<'a>...
        ^^^^^^
Owned slices are not supported in this backend.
