---
source: core/src/hir/type_context.rs
expression: output
---
Diplomat error: Lowering error in Crimes
> Found FFI-unsafe type &'a str in struct field Crimes.slice1, consider using DiplomatUtf8Str<'a>

Diplomat error: Lowering error in Crimes
> Found FFI-unsafe type &'a DiplomatStr in struct field Crimes.slice1, consider using DiplomatStrSlice<'a>

Diplomat error: Lowering error in Crimes
> Found FFI-unsafe type &'a [u8] in struct field Crimes.slice2, consider using DiplomatSlice<'a,u8>

Diplomat error: Lowering error in Crimes
> Found FFI-unsafe type Box<str> in struct field Crimes.slice3, consider using DiplomatOwnedUtf8Str

Diplomat error: Lowering error in Crimes
> Owned slices are not supported in this backend.

Diplomat error: Lowering error in Crimes
> Found FFI-unsafe type Box<DiplomatStr> in struct field Crimes.slice3, consider using DiplomatOwnedStrSlice

Diplomat error: Lowering error in Crimes
> Owned slices are not supported in this backend.

Diplomat error: Lowering error in Crimes
> Found FFI-unsafe type Box<[u8]> in struct field Crimes.slice4, consider using Box<[u8]>

Diplomat error: Lowering error in Crimes
> Owned slices are not supported in this backend.
